// Jest Snapshot v1, https://goo.gl/fbAQLP

exports[`should render dashboard page 1`] = `
<Fragment>
  <Connect(ExpenseFilterInput) />
  <Connect(ExpenseList) />
</Fragment>
`;
