// Jest Snapshot v1, https://goo.gl/fbAQLP

exports[`should RENDER EXPENSELIST WITH EXPENSE 1`] = `
<div>
  <h2>
    ExpenseList
  </h2>
  <Connect(ExpenseListItem)
    amount={1234}
    createdAt={0}
    description="gas bill"
    id="0"
    key="0"
    note="nothing"
  />
  <Connect(ExpenseListItem)
    amount={500}
    createdAt={-3456000000}
    description="water bill"
    id="1"
    key="1"
    note="nothing water"
  />
  <Connect(ExpenseListItem)
    amount={2500}
    createdAt={3456000000}
    description="rent bill"
    id="2"
    key="2"
    note="nothing rent"
  />
</div>
`;

exports[`should render expenselist with empty expense message 1`] = `
<div>
  <h2>
    No Expenses
  </h2>
</div>
`;
