// Jest Snapshot v1, https://goo.gl/fbAQLP

exports[`should RENDER HEADER CORRECTLY 1`] = `
<div>
  <h1>
    Expensify
  </h1>
  <NavLink
    activeClassName="is-active"
    className="nav-link-el"
    exact={true}
    to="/"
  >
     DashBoard
  </NavLink>
  <NavLink
    activeClassName="is-active"
    className="nav-link-el"
    to="/create"
  >
    Create
  </NavLink>
  <NavLink
    activeClassName="is-active"
    className="nav-link-el"
    to="/help"
  >
    Help
  </NavLink>
</div>
`;
