// Jest Snapshot v1, https://goo.gl/fbAQLP

exports[`should render Page not found  1`] = `
<Fragment>
  <h3>
    404  
    <Link
      to="/"
    >
      Go To DashBoard
    </Link>
  </h3>
</Fragment>
`;
